{
    "ID": "id",
    "Status": "",
    "Image": "nginx",
    "HostConfig": {
        "RestartPolicy": "none",
        "CPUReservation": 0,
        "CPULimit": 0,
        "MemoryReservation": 0,
        "MemoryLimit": 0,
        "AutoRemove": false
    },
    "Platform": "Linux"
}
